[*] Loaded 560 targets from sia-country-websites.txt
[*] Starting dual-phenomenology scan...

[*] (1/560) aop.gov.af
[+]   ALIVE 200 1576ms -- "AOP"
[*] (2/560) president.gov.af
[-]   DEAD
[*] (3/560) mfa.gov.af
[+]   ALIVE 200 2361ms -- "Ministry of Foreign Affairs of Afghanistan"
[*] (4/560) moi.gov.af
[+]   ALIVE 200 878ms -- "???? ???? | ????? ???? ?????"
[*] (5/560) mod.gov.af
[+]   ALIVE 200 2879ms -- "? ??? ???? ????? - MOD"
[*] (6/560) moic.gov.af
[+]   ALIVE 200 877ms -- "??? | Ministry of Information and Culture"
[*] (7/560) moph.gov.af
[+]   ALIVE 200 1022ms -- "???? ???? | ????? ??? ????"
[*] (8/560) moe.gov.af
[+]   ALIVE 200 922ms -- "Home | ? ????? ?????"
[*] (9/560) mohe.gov.af
[+]   ALIVE 200 8427ms -- "? ???? ??? ??? ????? - MOHE"
[*] (10/560) mof.gov.af
[+]   ALIVE 200 1566ms -- "??? | ? ????? ?????"
[*] (11/560) molsa.gov.af
[+]   ALIVE 200 1457ms -- "Home | ? ??? ?? ??????? ???? ?????"
[*] (12/560) rta.af
[+]   ALIVE 200 337ms -- "??????? - RTA - Radio Television of Afghanistan"
[*] (13/560) bakhtarnews.af
[+]   ALIVE 403 377ms -- "Just a moment..."
[*] (14/560) ariananews.af
[+]   ALIVE 200 1094ms
[*] (15/560) dab.gov.af
[+]   ALIVE 200 1260ms -- "Da Afghanistan Bank | Da Afghanistan Bank"
[*] (16/560) ku.edu.af
[!]   DNS-ONLY -- IPs: 103.132.98.226

[!] Scan cancelled by user

[*] ═══════════════════════════════════
[*]  >> FRANKENSTEIN SCAN COMPLETE <<
[*] ═══════════════════════════════════
[*]  Scanned:  560 sites
[+]  Alive:    14 sites
[!]  DNS-Only: 1 sites
[-]  Dead:     1 sites
[*]  Alive %:  2.5%
